#!/usr/bin/env bash

# Rendered for DPU dpf-operator-system/dpu-node-1 and run by the DPU agent as bash.
# The agent retries the whole script every 30s, so every step has to be idempotent.
set -euo pipefail

JOIN_TOKEN='c3RhbmRJblRva2Vu'
NODE_NAME='dpu-node-1'
CRI_SOCKET='remote:unix:///run/containerd/containerd.sock'
K0S_PROFILE='dpu'
KUBELET_ROOT_DIR='/var/lib/kubelet'
EXTRA_ARGS=''
READY_FILE='/var/lib/k0s/kubelet.conf'

K0S_BIN='/usr/local/bin/k0s'
TOKEN_FILE=/etc/k0s/join.token

K0S_URL='https://github.com/k0sproject/k0s/releases/download/v1.36.3%2Bk0s.2/k0s-v1.36.3%2Bk0s.2-arm64'

# Downloaded once, so a retry is a no operation.
if [ ! -x "$K0S_BIN" ]; then
  tmp="$(mktemp)"
  # Removed however this block ends, since a failed download or digest is retried every 30s.
  trap 'rm -f "$tmp"' EXIT
  curl -fsSL --retry 5 --retry-delay 5 -o "$tmp" "$K0S_URL"
  # Verified before it becomes executable, since it runs as root from here on.
  echo '9f86d081884c7d659a2feaa0c55ad015a3bf4f1b2b0b822cd15d6c15b0f00a08  '"$tmp" | sha256sum -c -
  install -m 0755 "$tmp" "$K0S_BIN"
  rm -f "$tmp"
fi

# The token minted for this DPU.
install -d -m 0700 "$(dirname "$TOKEN_FILE")"
( umask 077; printf '%s' "$JOIN_TOKEN" > "$TOKEN_FILE" )

# Raised limits and out of memory protection. The unit need not exist yet.
install -d -m 0755 /etc/systemd/system/k0sworker.service.d
cat > /etc/systemd/system/k0sworker.service.d/override.conf <<'OVERRIDE'
[Service]
LimitNOFILE=1048576
OOMScoreAdjust=-999
OVERRIDE
systemctl daemon-reload

# Reuses the agent's containerd and takes kubelet settings from the profile.
# The node name must match the DPU object, otherwise DPF never sees the node.
if [ ! -e /etc/systemd/system/k0sworker.service ]; then
  "$K0S_BIN" install worker \
    --token-file "$TOKEN_FILE" \
    --cri-socket "$CRI_SOCKET" \
    --profile "$K0S_PROFILE" \
    --kubelet-root-dir "$KUBELET_ROOT_DIR" \
    $EXTRA_ARGS \
    --kubelet-extra-args="--hostname-override=$NODE_NAME"
  systemctl daemon-reload
fi
"$K0S_BIN" start || systemctl restart k0sworker

# A worker has no admin credentials, so wait on the kubelet kubeconfig. Exiting 0 without it
# would have the agent report the DPU as joined when it never was.
for _ in $(seq 60); do
  [ -f "$READY_FILE" ] && break
  sleep 5
done
if [ ! -f "$READY_FILE" ]; then
  echo "k0s worker did not obtain kubelet credentials before the deadline" >&2
  exit 1
fi
